// Vitest Snapshot v1, https://vitest.dev/guide/snapshot.html

exports[`tweetToMarkdown success 1324595039742222337 1`] = `
"#### [Tweet by Elon Musk @elonmusk](https://x.com/elonmusk/status/1324595039742222337)

420 is ten times better than 42"
`;

exports[`tweetToMarkdown success 1464100253297168403 1`] = `
"#### [Tweet by Bodega Chaddie @nice_two](https://x.com/nice_two/status/1464100253297168403)

My boy finally using his prize money 😂 


[![pic.x.com/c5G3JwvuPR](https://pbs.twimg.com/media/FFGHa5PWUAQA3ap?format=jpg&name=small)](https://x.com/nice_two/status/1464100253297168403)
[![pic.x.com/c5G3JwvuPR](https://pbs.twimg.com/media/FFGHa5OWUAEC6jK?format=jpg&name=small)](https://x.com/nice_two/status/1464100253297168403)
[![pic.x.com/c5G3JwvuPR](https://pbs.twimg.com/media/FFGHa5OXMAEbhFA?format=jpg&name=small)](https://x.com/nice_two/status/1464100253297168403)
[![pic.x.com/c5G3JwvuPR](https://pbs.twimg.com/media/FFGHa5PWUAER_fv?format=jpg&name=small)](https://x.com/nice_two/status/1464100253297168403)"
`;

exports[`tweetToMarkdown success 1466447129178783744 1`] = `
"#### [Tweet by cats with jobs 🛠 @CatWorkers](https://x.com/CatWorkers/status/1466447129178783744)

(Admin reveal.)


[![pic.x.com/jiWLo5H7NV](https://pbs.twimg.com/media/FFnd2xMXIAYXdsG?format=jpg&name=small)](https://x.com/CatWorkers/status/1466447129178783744)"
`;

exports[`tweetToMarkdown success 1489025536714321920 1`] = `
"#### [Tweet by Randall Munroe @xkcd](https://x.com/xkcd/status/1489025536714321920)

Control Group 
[xkcd.com/2576](http://xkcd.com/2576)


[![Comic](https://pbs.twimg.com/media/FKoU1YfWYAMMCOJ?format=jpg&name=small)](https://x.com/xkcd/status/1489025536714321920)"
`;

exports[`tweetToMarkdown success 1502069843721347073 1`] = `
"#### [Tweet by Tim Urban @waitbutwhy](https://x.com/waitbutwhy/status/1502069843721347073)

Imagine an Atom Scattering Machine completely disassembles your body’s atoms into a cloud of floating atoms. Then it perfectly reassembles the atoms, and you walk out feeling totally normal. Is the new you still you? 

(detailed scientific visual depiction below)"
`;

exports[`tweetToMarkdown success 1507146276416098307 1`] = `
"#### [Tweet by jack @jack](https://x.com/jack/status/1507146276416098307)

The choice of which algorithm to use (or not) should be open to everyone
> #### [Tweet by Elon Musk @elonmusk](https://x.com/elonmusk/status/1507041396242407424)
> 
> Twitter algorithm should be open source"
`;

exports[`tweetToMarkdown success 1932187590955823235 1`] = `
"#### [Tweet by kira 👾 @kirawontmiss](https://x.com/kirawontmiss/status/1932187590955823235)

New iShowSpeed gif just dropped 😭 


[![pic.x.com/oXfik1uz0r](https://pbs.twimg.com/tweet_video_thumb/GtBrRXpW8AAP79n?format=jpg&name=small)](https://x.com/kirawontmiss/status/1932187590955823235)"
`;

exports[`tweetToMarkdown success 1990435817844887586 1`] = `
"#### [Tweet by HRG @HackerResidency](https://x.com/HackerResidency/status/1990435817844887586)

Introducing the Hacker Residency


[![pic.x.com/mwtc6Z2rNm](https://pbs.twimg.com/amplify_video_thumb/1990435061007867904/img/mnVYdK52EcY38GwY?format=jpg&name=small)](https://x.com/HackerResidency/status/1990435817844887586)"
`;

exports[`tweetToMarkdown success 2034257912973963374 1`] = `
"#### [Tweet by Stripe @stripe](https://x.com/stripe/status/2034257912973963374)

[x.com/i/article/2034…](http://x.com/i/article/2034005221073162241)"
`;
